// Jest Snapshot v1, https://goo.gl/fbAQLP

exports[`Cards should match the snapshot with all data passed in 1`] = `ShallowWrapper {}`;
